// Jest Snapshot v1, https://goo.gl/fbAQLP

exports[`it matches the snapshot 1`] = `
Array [
  <div
    className="alert-container hide"
  >
    <div
      className="alert-box"
    >
      <div
        className="title-container"
      >
        <strong>
          
        </strong>
        <div
          className="alert-close"
          onClick={[Function]}
          role="button"
        >
          <svg
            fill="currentColor"
            height="1em"
            stroke="currentColor"
            strokeWidth="0"
            style={
              Object {
                "color": undefined,
              }
            }
            viewBox="0 0 24 24"
            width="1em"
            xmlns="http://www.w3.org/2000/svg"
          >
            <path
              d="M19 6.41L17.59 5 12 10.59 6.41 5 5 6.41 10.59 12 5 17.59 6.41 19 12 13.41 17.59 19 19 17.59 13.41 12z"
            />
          </svg>
        </div>
      </div>
      <div
        className="message-container"
      >
        <div
          className="alert-icon "
        />
        <div
          className="alert-message"
        >
          <strong>
            
          </strong>
        </div>
      </div>
      <div
        className="buttons-container"
      >
        <button
          onClick={[Function]}
          type="button"
        >
          Cancelar
        </button>
        <button
          className="button-confirm"
          onClick={[Function]}
          type="button"
        >
          Confirmar
        </button>
      </div>
    </div>
  </div>,
  <div
    className="snack-container hide"
  >
    <div
      className="snack-box "
    >
      <div
        className="snack-icon"
      />
      <div
        className="snack-message"
      >
        <strong>
          
        </strong>
      </div>
      <div
        className="snack-close "
        onClick={[Function]}
        role="button"
      >
        <svg
          fill="currentColor"
          height="1em"
          stroke="currentColor"
          strokeWidth="0"
          style={
            Object {
              "color": undefined,
            }
          }
          viewBox="0 0 24 24"
          width="1em"
          xmlns="http://www.w3.org/2000/svg"
        >
          <path
            d="M19 6.41L17.59 5 12 10.59 6.41 5 5 6.41 10.59 12 5 17.59 6.41 19 12 13.41 17.59 19 19 17.59 13.41 12z"
          />
        </svg>
      </div>
    </div>
  </div>,
  <div
    id="page-home"
  >
    <div
      className="content"
    >
      <header>
        <h1>
          Lista de Usuários
        </h1>
        <a
          href="/create-user"
          onClick={[Function]}
        >
          <strong>
            Cadastre um novo usuário
          </strong>
        </a>
      </header>
      <main>
        <ul />
      </main>
    </div>
  </div>,
]
`;
